npm warn Unknown env config "devdir". This will stop working in the next major version of npm. See `npm help npmrc` for supported config options.

> site-creator-vinext-starter@0.1.0 prebuild
> npm run tokens:check

npm warn Unknown env config "devdir". This will stop working in the next major version of npm. See `npm help npmrc` for supported config options.

> site-creator-vinext-starter@0.1.0 tokens:check
> node scripts/generate-design-token-css.mjs --check


> site-creator-vinext-starter@0.1.0 build
> cross-env WRANGLER_LOG_PATH=.wrangler/wrangler.log vinext build


  vinext build  (Vite 8.0.13)

[1/5] analyze client references...
[2Ktransforming...✓ 148 modules transformed.
rendering chunks...
✓ built in 599ms
[2/5] analyze server references...
[2Ktransforming...✓ 67 modules transformed.
rendering chunks...
✓ built in 196ms
[3/5] build rsc environment...
[2Ktransforming...✓ 154 modules transformed.
rendering chunks...
computing gzip size...
✓ built in 548ms
[4/5] build client environment...
[2Ktransforming...✓ 74 modules transformed.
rendering chunks...
computing gzip size...
✓ built in 279ms
[5/5] build ssr environment...
[2Ktransforming...✓ 73 modules transformed.
rendering chunks...
computing gzip size...
✓ built in 300ms
[0m
  Route (app)
  ┌ ? /                                    
  ├ λ /api/internal/capability-probe/health
  ├ λ /api/internal/capability-probe/ingest
  ├ λ /api/internal/ingest/snapshot        
  └ ƒ /places/:areaCode                    

  λ API  ƒ Dynamic  ? Unknown

  ? Some routes could not be classified. vinext currently uses static analysis
    and cannot detect dynamic API usage (headers(), cookies(), etc.) at build time.
    Automatic classification will be improved in a future release.

  Build complete. Run `vinext start` to start the production server.

