
  vinext dev  (Vite 8.0.13)

오전 6:49:56 [vite] (ssr) Re-optimizing dependencies because vite config has changed
오전 6:49:56 [vite] (rsc) Re-optimizing dependencies because vite config has changed
Default inspector port 9229 not available, using 9237 instead

Using secrets defined in .env
오전 6:49:57 [vite] (rsc) [optimizer] scanning dependencies...
오전 6:49:57 [vite] (ssr) [optimizer] scanning dependencies...
오전 6:50:00 [vite] (ssr) [optimizer] bundling dependencies...
오전 6:50:00 [vite] (rsc) [optimizer] bundling dependencies...
오전 6:50:29 [vite] (client) Re-optimizing dependencies because vite config has changed
  ➜  Local:   http://localhost:53940/
  ➜  Debug:   http://localhost:53940/__debug
 GET /?visualFixture=ready-v1 200 in 1.2s (compile: 1786139394.4s, render: 1.1s)
 GET /?visualFixture=ready-v1 200 in 76ms (compile: 1786139394.4s, render: 39ms)
 GET /places/alpha?visualFixture=ready-v1 200 in 86ms (compile: 1786139394.4s, render: 42ms)
 GET /places/alpha?visualFixture=ready-v1 200 in 65ms (compile: 1786139394.4s, render: 28ms)
 GET /places/does-not-exist?visualFixture=ready-v1 200 in 85ms (compile: 1786139394.4s, render: 45ms)
 GET /?placeNotFound=1 200 in 75ms (compile: 1786139394.4s, render: 38ms)
 GET /places/%3Cscript%3E?visualFixture=unknown&placeNotFound=%3Cimg%3E 200 in 46ms (compile: 1786139394.4s, render: 22ms)
 GET /?placeNotFound=1 200 in 71ms (compile: 1786139394.4s, render: 36ms)
 GET / 200 in 64ms (compile: 1786139394.4s, render: 31ms)
 GET /?visualFixture=ready-v1 200 in 81ms (compile: 1786139394.4s, render: 34ms)
 GET /places/alpha?visualFixture=ready-v1 200 in 66ms (compile: 1786139394.4s, render: 31ms)
 GET /places/alpha?visualFixture=ready-v1 200 in 72ms (compile: 1786139394.4s, render: 27ms)
 GET /places/does-not-exist?visualFixture=ready-v1 200 in 57ms (compile: 1786139394.4s, render: 22ms)
 GET /?placeNotFound=1 200 in 71ms (compile: 1786139394.4s, render: 41ms)
 GET /places/%3Cscript%3E?visualFixture=unknown&placeNotFound=%3Cimg%3E 200 in 40ms (compile: 1786139394.4s, render: 22ms)
 GET /?placeNotFound=1 200 in 67ms (compile: 1786139394.4s, render: 34ms)
 GET / 200 in 56ms (compile: 1786139394.4s, render: 30ms)
 GET /?visualFixture=ready-v1 200 in 74ms (compile: 1786139394.4s, render: 36ms)
 GET /places/alpha?visualFixture=ready-v1 200 in 70ms (compile: 1786139394.4s, render: 33ms)
 GET /places/alpha?visualFixture=ready-v1 200 in 74ms (compile: 1786139394.4s, render: 31ms)
 GET /places/does-not-exist?visualFixture=ready-v1 200 in 55ms (compile: 1786139394.4s, render: 19ms)
 GET /?placeNotFound=1 200 in 71ms (compile: 1786139394.4s, render: 36ms)
 GET /places/%3Cscript%3E?visualFixture=unknown&placeNotFound=%3Cimg%3E 200 in 43ms (compile: 1786139394.4s, render: 26ms)
 GET /?placeNotFound=1 200 in 66ms (compile: 1786139394.4s, render: 35ms)
 GET / 200 in 69ms (compile: 1786139394.4s, render: 35ms)
 GET /?visualFixture=ready-v1 200 in 84ms (compile: 1786139394.4s, render: 41ms)
 GET /places/alpha?visualFixture=ready-v1 200 in 80ms (compile: 1786139394.4s, render: 34ms)
 GET /places/alpha?visualFixture=ready-v1 200 in 72ms (compile: 1786139394.4s, render: 34ms)
 GET /places/does-not-exist?visualFixture=ready-v1 200 in 56ms (compile: 1786139394.4s, render: 21ms)
 GET /?placeNotFound=1 200 in 73ms (compile: 1786139394.4s, render: 39ms)
 GET /places/%3Cscript%3E?visualFixture=unknown&placeNotFound=%3Cimg%3E 200 in 47ms (compile: 1786139394.4s, render: 26ms)
 GET /?placeNotFound=1 200 in 69ms (compile: 1786139394.4s, render: 34ms)
 GET / 200 in 60ms (compile: 1786139394.4s, render: 32ms)
 GET /?visualFixture=ready-v1 200 in 65ms (compile: 1786139394.4s, render: 32ms)
 GET /places/alpha?visualFixture=ready-v1 200 in 59ms (compile: 1786139394.4s, render: 26ms)
 GET /places/alpha?visualFixture=ready-v1 200 in 79ms (compile: 1786139394.4s, render: 35ms)
 GET /places/does-not-exist?visualFixture=ready-v1 200 in 56ms (compile: 1786139394.4s, render: 21ms)
 GET /?placeNotFound=1 200 in 67ms (compile: 1786139394.4s, render: 35ms)
 GET /places/%3Cscript%3E?visualFixture=unknown&placeNotFound=%3Cimg%3E 200 in 37ms (compile: 1786139394.4s, render: 18ms)
 GET /?placeNotFound=1 200 in 68ms (compile: 1786139394.4s, render: 34ms)
 GET / 200 in 67ms (compile: 1786139394.4s, render: 31ms)
 GET /?visualFixture=ready-v1 200 in 79ms (compile: 1786139394.4s, render: 34ms)
 GET /places/alpha?visualFixture=ready-v1 200 in 74ms (compile: 1786139394.4s, render: 30ms)
 GET /places/alpha?visualFixture=ready-v1 200 in 63ms (compile: 1786139394.4s, render: 28ms)
 GET /places/does-not-exist?visualFixture=ready-v1 200 in 53ms (compile: 1786139394.4s, render: 18ms)
 GET /?placeNotFound=1 200 in 69ms (compile: 1786139394.4s, render: 35ms)
 GET /places/%3Cscript%3E?visualFixture=unknown&placeNotFound=%3Cimg%3E 200 in 40ms (compile: 1786139394.4s, render: 21ms)
 GET /?placeNotFound=1 200 in 60ms (compile: 1786139394.4s, render: 32ms)
 GET / 200 in 72ms (compile: 1786139394.4s, render: 38ms)
 GET /?visualFixture=ready-v1 200 in 60ms (compile: 1786139394.4s, render: 28ms)
 GET /places/alpha?visualFixture=ready-v1 200 in 60ms (compile: 1786139394.4s, render: 25ms)
 GET /places/alpha?visualFixture=ready-v1 200 in 61ms (compile: 1786139394.4s, render: 26ms)
 GET /places/does-not-exist?visualFixture=ready-v1 200 in 54ms (compile: 1786139394.4s, render: 19ms)
 GET /?placeNotFound=1 200 in 64ms (compile: 1786139394.4s, render: 34ms)
 GET /places/%3Cscript%3E?visualFixture=unknown&placeNotFound=%3Cimg%3E 200 in 35ms (compile: 1786139394.4s, render: 18ms)
 GET /?placeNotFound=1 200 in 58ms (compile: 1786139394.4s, render: 31ms)
 GET / 200 in 68ms (compile: 1786139394.4s, render: 37ms)
 GET /?visualFixture=ready-v1 200 in 64ms (compile: 1786139394.4s, render: 32ms)
 GET /places/alpha?visualFixture=ready-v1 200 in 69ms (compile: 1786139394.4s, render: 33ms)
 GET /places/alpha?visualFixture=ready-v1 200 in 79ms (compile: 1786139394.4s, render: 36ms)
 GET /places/does-not-exist?visualFixture=ready-v1 200 in 54ms (compile: 1786139394.4s, render: 20ms)
 GET /?placeNotFound=1 200 in 81ms (compile: 1786139394.4s, render: 44ms)
 GET /places/%3Cscript%3E?visualFixture=unknown&placeNotFound=%3Cimg%3E 200 in 52ms (compile: 1786139394.4s, render: 27ms)
 GET /?placeNotFound=1 200 in 82ms (compile: 1786139394.4s, render: 41ms)
 GET / 200 in 59ms (compile: 1786139394.4s, render: 30ms)
