✔ Given malformed-input.json, When provenance or capacity proof is unsafe, Then policy fails closed (5.0334ms)
✔ Given manual-backfill-overlap.json, When provenance or capacity proof is unsafe, Then policy fails closed (1.3914ms)
✔ Given missing-live-cadence.json, When provenance or capacity proof is unsafe, Then policy fails closed (0.9964ms)
✔ Given missing-owner-quota.json, When provenance or capacity proof is unsafe, Then policy fails closed (0.7703ms)
✔ Given missing-provenance.json, When provenance or capacity proof is unsafe, Then policy fails closed (0.9018ms)
✔ Given prompt-injection.json, When provenance or capacity proof is unsafe, Then policy fails closed (0.6727ms)
✔ Given scheduled-overlap.json, When provenance or capacity proof is unsafe, Then policy fails closed (0.8769ms)
✔ Given single-canary.json, When provenance or capacity proof is unsafe, Then policy fails closed (0.9825ms)
✔ Given stale-state.json, When provenance or capacity proof is unsafe, Then policy fails closed (2.5932ms)
✔ Given three-place-probe.json, When provenance or capacity proof is unsafe, Then policy fails closed (0.9814ms)
✔ Given unbounded-retry.json, When provenance or capacity proof is unsafe, Then policy fails closed (0.9217ms)
✔ Given an immutable receipt key, When different content is appended, Then the ledger rejects the overwrite (1.6395ms)
✔ Given an immutable D1 receipt key, When different content is persisted, Then storage rejects the overwrite (1.6881ms)
✔ Given accepted input without a D1 binding, When ingest reaches storage, Then it fails closed (28.0896ms)
✔ Given an accepted ingest, When provenance is persisted, Then its redacted canonical receipt remains queryable after the raw horizon (8.622ms)
✔ Given four local whole-catalog runs, When capacity is evaluated without owner/live authority, Then local structure passes but production capacity is blocked (1.7021ms)
✔ Given accepted provenance metadata and a D1 binding, When the canonical ingest runs, Then it writes a durable receipt before accepting (28.6798ms)
✔ Given an existing D1 receipt, When identical content is persisted and read, Then the row is idempotent and retained (1.1771ms)
✔ Given migration 0003, When provenance storage is inspected, Then append-only receipt and derived source bindings are additive (1.7275ms)
✔ Given the durable Todo 8 receipt, When observed D1 hashes are audited, Then canonical, persisted, and readback hashes are explicit and equal (1.5005ms)
ℹ tests 20
ℹ suites 0
ℹ pass 20
ℹ fail 0
ℹ cancelled 0
ℹ skipped 0
ℹ todo 0
ℹ duration_ms 156.2361
