✔ Given malformed-input.json, When provenance or capacity proof is unsafe, Then policy fails closed (5.1211ms)
✔ Given manual-backfill-overlap.json, When provenance or capacity proof is unsafe, Then policy fails closed (1.1786ms)
✔ Given missing-live-cadence.json, When provenance or capacity proof is unsafe, Then policy fails closed (0.9747ms)
✔ Given missing-owner-quota.json, When provenance or capacity proof is unsafe, Then policy fails closed (0.8137ms)
✔ Given missing-provenance.json, When provenance or capacity proof is unsafe, Then policy fails closed (0.8278ms)
✔ Given prompt-injection.json, When provenance or capacity proof is unsafe, Then policy fails closed (1.0429ms)
✔ Given scheduled-overlap.json, When provenance or capacity proof is unsafe, Then policy fails closed (1.0613ms)
✔ Given single-canary.json, When provenance or capacity proof is unsafe, Then policy fails closed (0.9248ms)
✔ Given stale-state.json, When provenance or capacity proof is unsafe, Then policy fails closed (3.3081ms)
✔ Given three-place-probe.json, When provenance or capacity proof is unsafe, Then policy fails closed (1.2194ms)
✔ Given unbounded-retry.json, When provenance or capacity proof is unsafe, Then policy fails closed (1.0974ms)
✔ Given an immutable receipt key, When different content is appended, Then the ledger rejects the overwrite (1.1098ms)
✔ Given an immutable D1 receipt key, When different content is persisted, Then storage rejects the overwrite (1.6011ms)
✔ Given accepted input without a D1 binding, When ingest reaches storage, Then it fails closed (29.7436ms)
✔ Given an accepted ingest, When provenance is persisted, Then its redacted canonical receipt remains queryable after the raw horizon (8.6767ms)
✔ Given four local whole-catalog runs, When capacity is evaluated without owner/live authority, Then local structure passes but production capacity is blocked (1.7913ms)
✔ Given accepted provenance metadata and a D1 binding, When the canonical ingest runs, Then it writes a durable receipt before accepting (35.1449ms)
✔ Given an existing D1 receipt, When identical content is persisted and read, Then the row is idempotent and retained (1.3115ms)
✔ Given migration 0003, When provenance storage is inspected, Then append-only receipt and derived source bindings are additive (1.312ms)
✔ Given the durable Todo 8 receipt, When observed D1 hashes are audited, Then canonical, persisted, and readback hashes are explicit and equal (2.2049ms)
ℹ tests 20
ℹ suites 0
ℹ pass 20
ℹ fail 0
ℹ cancelled 0
ℹ skipped 0
ℹ todo 0
ℹ duration_ms 175.768
