
  vinext dev  (Vite 8.0.13)

  ➜  Local:   http://localhost:53823/
  ➜  Debug:   http://localhost:53823/__debug
 GET /?visualFixture=ready-v1 200 in 1.2s (compile: 1786122284.6s, render: 1.1s)
 GET /?visualFixture=ready-v1 200 in 77ms (compile: 1786122284.6s, render: 43ms)
 GET /?visualFixture=ready-v1 200 in 73ms (compile: 1786122284.6s, render: 37ms)
 GET /?visualFixture=ready-v1 200 in 72ms (compile: 1786122284.6s, render: 35ms)
 GET /?visualFixture=ready-v1 200 in 70ms (compile: 1786122284.6s, render: 34ms)
 GET /?visualFixture=ready-v1 200 in 68ms (compile: 1786122284.6s, render: 32ms)
 GET /?visualFixture=ready-v1 200 in 73ms (compile: 1786122284.6s, render: 36ms)
 GET /?visualFixture=ready-v1 200 in 72ms (compile: 1786122284.6s, render: 33ms)
 GET /?visualFixture=ready-v1 200 in 67ms (compile: 1786122284.6s, render: 33ms)
 GET /places/alpha?visualFixture=ready-v1 200 in 98ms (compile: 1786122284.6s, render: 55ms)
 GET /places/alpha?visualFixture=ready-v1 200 in 81ms (compile: 1786122284.6s, render: 40ms)
 GET /places/does-not-exist?visualFixture=ready-v1 307 in 57ms
 GET /?placeNotFound=1 200 in 72ms (compile: 1786122284.6s, render: 38ms)
 GET / 200 in 74ms (compile: 1786122284.6s, render: 40ms)
 GET /places/alpha?visualFixture=ready-v1 200 in 63ms (compile: 1786122284.6s, render: 27ms)
 GET /places/alpha?visualFixture=ready-v1 200 in 67ms (compile: 1786122284.6s, render: 31ms)
 GET /places/does-not-exist?visualFixture=ready-v1 307 in 59ms
 GET /?placeNotFound=1 200 in 76ms (compile: 1786122284.6s, render: 40ms)
 GET / 200 in 72ms (compile: 1786122284.6s, render: 37ms)
 GET /places/alpha?visualFixture=ready-v1 200 in 69ms (compile: 1786122284.6s, render: 31ms)
 GET /places/alpha?visualFixture=ready-v1 200 in 60ms (compile: 1786122284.6s, render: 25ms)
 GET /places/does-not-exist?visualFixture=ready-v1 307 in 54ms
 GET /?placeNotFound=1 200 in 66ms (compile: 1786122284.6s, render: 35ms)
 GET / 200 in 69ms (compile: 1786122284.6s, render: 32ms)
 GET /places/alpha?visualFixture=ready-v1 200 in 73ms (compile: 1786122284.6s, render: 32ms)
 GET /places/alpha?visualFixture=ready-v1 200 in 72ms (compile: 1786122284.6s, render: 30ms)
 GET /places/does-not-exist?visualFixture=ready-v1 307 in 62ms
 GET /?placeNotFound=1 200 in 71ms (compile: 1786122284.6s, render: 38ms)
 GET / 200 in 70ms (compile: 1786122284.6s, render: 35ms)
 GET /places/alpha?visualFixture=ready-v1 200 in 62ms (compile: 1786122284.6s, render: 26ms)
 GET /places/alpha?visualFixture=ready-v1 200 in 72ms (compile: 1786122284.6s, render: 31ms)
 GET /places/does-not-exist?visualFixture=ready-v1 307 in 54ms
 GET /?placeNotFound=1 200 in 70ms (compile: 1786122284.6s, render: 37ms)
 GET / 200 in 79ms (compile: 1786122284.6s, render: 41ms)
 GET /places/alpha?visualFixture=ready-v1 200 in 66ms (compile: 1786122284.6s, render: 30ms)
 GET /places/alpha?visualFixture=ready-v1 200 in 70ms (compile: 1786122284.6s, render: 31ms)
 GET /places/does-not-exist?visualFixture=ready-v1 307 in 57ms
 GET /?placeNotFound=1 200 in 77ms (compile: 1786122284.6s, render: 41ms)
 GET / 200 in 75ms (compile: 1786122284.6s, render: 37ms)
 GET /places/alpha?visualFixture=ready-v1 200 in 72ms (compile: 1786122284.6s, render: 30ms)
 GET /places/alpha?visualFixture=ready-v1 200 in 71ms (compile: 1786122284.6s, render: 34ms)
 GET /places/does-not-exist?visualFixture=ready-v1 307 in 68ms
 GET /?placeNotFound=1 200 in 64ms (compile: 1786122284.6s, render: 34ms)
 GET / 200 in 68ms (compile: 1786122284.6s, render: 34ms)
 GET /places/alpha?visualFixture=ready-v1 200 in 76ms (compile: 1786122284.6s, render: 37ms)
 GET /places/alpha?visualFixture=ready-v1 200 in 62ms (compile: 1786122284.6s, render: 26ms)
 GET /places/does-not-exist?visualFixture=ready-v1 307 in 56ms
 GET /?placeNotFound=1 200 in 74ms (compile: 1786122284.6s, render: 39ms)
 GET / 200 in 72ms (compile: 1786122284.6s, render: 37ms)
 GET /?visualFixture=ready-v1 200 in 64ms (compile: 1786122284.6s, render: 32ms)
오전 2:05:36 [vite] (rsc) hmr update /app/globals.css
오전 2:05:36 [vite] (client) hmr update /app/globals.css?direct
오전 2:05:36 [vite] (rsc) hmr update /app/globals.css
오전 2:05:36 [vite] (client) hmr update /app/globals.css?direct
