{
  "candidate": {
    "head": "802a27e979c5698c53543aa3b1dd2394a2dbcc18",
    "tree": "036711dda15d6edf61fe47ee8d8294712ae7456d",
    "parent": "323717c167111eea5f652ccaea7baf4c31a8a6e0",
    "parent_tree": "4b9845e0133962620f7ad78701b62292a86a3902"
  },
  "baseline": 6,
  "green": {
    "failedCount": 0,
    "hardFailureCount": 0,
    "rscFailureCount": 0,
    "consoleErrorCount": 0
  },
  "changedPaths": [
    "app/_catalog/CatalogSurface.tsx",
    "app/places/[areaCode]/PlaceDetailClient.tsx",
    "tests/product/detail-history/detail-contract.test.mjs"
  ]
}
