candidate_head=886bf000b25acb84463cf9a04f50dac08302f5cf
candidate_tree=a5d80d21771e60bc8911e6110a97cac66066c5a7

  vinext dev  (Vite 8.0.13)

  ➜  Local:   http://localhost:53711/
  ➜  Debug:   http://localhost:53711/__debug
 GET /?visualFixture=ready-v1 200 in 1.1s (compile: 1786118440.2s, render: 1.1s)
 GET /?visualFixture=ready-v1 200 in 73ms (compile: 1786118440.2s, render: 38ms)
 GET /?visualFixture=ready-v1 200 in 77ms (compile: 1786118440.2s, render: 35ms)
 GET /?visualFixture=ready-v1 200 in 75ms (compile: 1786118440.2s, render: 37ms)
 GET /?visualFixture=ready-v1 200 in 64ms (compile: 1786118440.2s, render: 31ms)
 GET /?visualFixture=ready-v1 200 in 70ms (compile: 1786118440.2s, render: 35ms)
 GET /?visualFixture=ready-v1 200 in 68ms (compile: 1786118440.2s, render: 33ms)
 GET /?visualFixture=ready-v1 200 in 75ms (compile: 1786118440.2s, render: 38ms)
 GET /?visualFixture=ready-v1 200 in 68ms (compile: 1786118440.2s, render: 33ms)
 GET /places/alpha?visualFixture=ready-v1 200 in 80ms (compile: 1786118440.2s, render: 40ms)
 GET /places/alpha?visualFixture=ready-v1 200 in 77ms (compile: 1786118440.2s, render: 35ms)
 GET /places/does-not-exist 307 in 18ms
 GET /?placeNotFound=1 200 in 66ms (compile: 1786118440.2s, render: 35ms)
 GET / 200 in 81ms (compile: 1786118440.2s, render: 41ms)
 GET /places/alpha?visualFixture=ready-v1 200 in 67ms (compile: 1786118440.2s, render: 31ms)
 GET /places/alpha?visualFixture=ready-v1 200 in 63ms (compile: 1786118440.2s, render: 28ms)
 GET /places/does-not-exist 307 in 18ms
 GET /?placeNotFound=1 200 in 66ms (compile: 1786118440.2s, render: 34ms)
 GET / 200 in 73ms (compile: 1786118440.2s, render: 35ms)
 GET /places/alpha?visualFixture=ready-v1 200 in 73ms (compile: 1786118440.2s, render: 32ms)
 GET /places/alpha?visualFixture=ready-v1 200 in 67ms (compile: 1786118440.2s, render: 31ms)
 GET /places/does-not-exist 307 in 17ms
 GET /?placeNotFound=1 200 in 71ms (compile: 1786118440.2s, render: 37ms)
 GET / 200 in 73ms (compile: 1786118440.2s, render: 38ms)
 GET /places/alpha?visualFixture=ready-v1 200 in 72ms (compile: 1786118440.2s, render: 32ms)
 GET /places/alpha?visualFixture=ready-v1 200 in 67ms (compile: 1786118440.2s, render: 30ms)
 GET /places/does-not-exist 307 in 21ms
 GET /?placeNotFound=1 200 in 82ms (compile: 1786118440.2s, render: 42ms)
 GET / 200 in 75ms (compile: 1786118440.2s, render: 38ms)
 GET /?visualFixture=ready-v1 200 in 80ms (compile: 1786118440.2s, render: 38ms)
오전 1:01:14 [vite] (rsc) hmr update /app/globals.css
오전 1:01:14 [vite] (client) hmr update /app/globals.css?direct
오전 1:01:14 [vite] (rsc) hmr update /app/globals.css
오전 1:01:14 [vite] (client) hmr update /app/globals.css?direct
