✔ Given malformed-input.json, When provenance or capacity proof is unsafe, Then policy fails closed (4.5427ms)
✔ Given manual-backfill-overlap.json, When provenance or capacity proof is unsafe, Then policy fails closed (1.2175ms)
✔ Given missing-live-cadence.json, When provenance or capacity proof is unsafe, Then policy fails closed (1.1153ms)
✔ Given missing-owner-quota.json, When provenance or capacity proof is unsafe, Then policy fails closed (1.2035ms)
✔ Given missing-provenance.json, When provenance or capacity proof is unsafe, Then policy fails closed (1.0406ms)
✔ Given prompt-injection.json, When provenance or capacity proof is unsafe, Then policy fails closed (0.9671ms)
✔ Given scheduled-overlap.json, When provenance or capacity proof is unsafe, Then policy fails closed (0.899ms)
✔ Given single-canary.json, When provenance or capacity proof is unsafe, Then policy fails closed (0.7332ms)
✔ Given stale-state.json, When provenance or capacity proof is unsafe, Then policy fails closed (2.9254ms)
✔ Given three-place-probe.json, When provenance or capacity proof is unsafe, Then policy fails closed (0.9453ms)
✔ Given unbounded-retry.json, When provenance or capacity proof is unsafe, Then policy fails closed (0.8394ms)
✔ Given an immutable receipt key, When different content is appended, Then the ledger rejects the overwrite (1.1918ms)
✔ Given an immutable D1 receipt key, When different content is persisted, Then storage rejects the overwrite (1.7352ms)
✔ Given accepted input without a D1 binding, When ingest reaches storage, Then it fails closed (29.1045ms)
✔ Given an accepted ingest, When provenance is persisted, Then its redacted canonical receipt remains queryable after the raw horizon (9.5014ms)
✔ Given four local whole-catalog runs, When capacity is evaluated without owner/live authority, Then local structure passes but production capacity is blocked (1.5013ms)
✔ Given accepted provenance metadata and a D1 binding, When the canonical ingest runs, Then it writes a durable receipt before accepting (28.0343ms)
✔ Given an existing D1 receipt, When identical content is persisted and read, Then the row is idempotent and retained (1.7861ms)
✔ Given migration 0003, When provenance storage is inspected, Then append-only receipt and derived source bindings are additive (1.5978ms)
✔ Given the durable Todo 8 receipt, When observed D1 hashes are audited, Then canonical, persisted, and readback hashes are explicit and equal (1.7435ms)
ℹ tests 20
ℹ suites 0
ℹ pass 20
ℹ fail 0
ℹ cancelled 0
ℹ skipped 0
ℹ todo 0
ℹ duration_ms 150.7567
